------------------------------------------------------------
Timing Analyzer Summary
------------------------------------------------------------

Type  : Slow 1200mV 100C Model Setup 'pll_clk90'
Slack : 2.171
TNS   : 0.000

Type  : Slow 1200mV 100C Model Setup 'pll_clk'
Slack : 2.767
TNS   : 0.000

Type  : Slow 1200mV 100C Model Setup 'altera_reserved_tck'
Slack : 43.076
TNS   : 0.000

Type  : Slow 1200mV 100C Model Hold 'pll_clk'
Slack : 0.289
TNS   : 0.000

Type  : Slow 1200mV 100C Model Hold 'altera_reserved_tck'
Slack : 0.401
TNS   : 0.000

Type  : Slow 1200mV 100C Model Hold 'pll_clk90'
Slack : 10.416
TNS   : 0.000

Type  : Slow 1200mV 100C Model Recovery 'pll_clk'
Slack : 15.240
TNS   : 0.000

Type  : Slow 1200mV 100C Model Recovery 'altera_reserved_tck'
Slack : 95.113
TNS   : 0.000

Type  : Slow 1200mV 100C Model Removal 'altera_reserved_tck'
Slack : 1.032
TNS   : 0.000

Type  : Slow 1200mV 100C Model Removal 'pll_clk'
Slack : 1.040
TNS   : 0.000

Type  : Slow 1200mV 100C Model Minimum Pulse Width 'pll_clk'
Slack : 9.671
TNS   : 0.000

Type  : Slow 1200mV 100C Model Minimum Pulse Width 'pll_clk90'
Slack : 9.675
TNS   : 0.000

Type  : Slow 1200mV 100C Model Minimum Pulse Width 'refclk'
Slack : 9.784
TNS   : 0.000

Type  : Slow 1200mV 100C Model Minimum Pulse Width 'rwds'
Slack : 10.000
TNS   : 0.000

Type  : Slow 1200mV 100C Model Minimum Pulse Width 'altera_reserved_tck'
Slack : 49.540
TNS   : 0.000

Type  : Slow 1200mV -40C Model Setup 'pll_clk90'
Slack : 2.552
TNS   : 0.000

Type  : Slow 1200mV -40C Model Setup 'pll_clk'
Slack : 4.143
TNS   : 0.000

Type  : Slow 1200mV -40C Model Setup 'altera_reserved_tck'
Slack : 43.908
TNS   : 0.000

Type  : Slow 1200mV -40C Model Hold 'pll_clk'
Slack : 0.289
TNS   : 0.000

Type  : Slow 1200mV -40C Model Hold 'altera_reserved_tck'
Slack : 0.331
TNS   : 0.000

Type  : Slow 1200mV -40C Model Hold 'pll_clk90'
Slack : 10.355
TNS   : 0.000

Type  : Slow 1200mV -40C Model Recovery 'pll_clk'
Slack : 15.866
TNS   : 0.000

Type  : Slow 1200mV -40C Model Recovery 'altera_reserved_tck'
Slack : 95.735
TNS   : 0.000

Type  : Slow 1200mV -40C Model Removal 'altera_reserved_tck'
Slack : 0.910
TNS   : 0.000

Type  : Slow 1200mV -40C Model Removal 'pll_clk'
Slack : 0.925
TNS   : 0.000

Type  : Slow 1200mV -40C Model Minimum Pulse Width 'pll_clk'
Slack : 9.645
TNS   : 0.000

Type  : Slow 1200mV -40C Model Minimum Pulse Width 'pll_clk90'
Slack : 9.679
TNS   : 0.000

Type  : Slow 1200mV -40C Model Minimum Pulse Width 'refclk'
Slack : 9.785
TNS   : 0.000

Type  : Slow 1200mV -40C Model Minimum Pulse Width 'rwds'
Slack : 10.000
TNS   : 0.000

Type  : Slow 1200mV -40C Model Minimum Pulse Width 'altera_reserved_tck'
Slack : 49.411
TNS   : 0.000

Type  : Fast 1200mV -40C Model Setup 'pll_clk90'
Slack : 3.585
TNS   : 0.000

Type  : Fast 1200mV -40C Model Setup 'pll_clk'
Slack : 6.189
TNS   : 0.000

Type  : Fast 1200mV -40C Model Setup 'altera_reserved_tck'
Slack : 46.871
TNS   : 0.000

Type  : Fast 1200mV -40C Model Hold 'pll_clk'
Slack : 0.100
TNS   : 0.000

Type  : Fast 1200mV -40C Model Hold 'altera_reserved_tck'
Slack : 0.173
TNS   : 0.000

Type  : Fast 1200mV -40C Model Hold 'pll_clk90'
Slack : 10.200
TNS   : 0.000

Type  : Fast 1200mV -40C Model Recovery 'pll_clk'
Slack : 17.637
TNS   : 0.000

Type  : Fast 1200mV -40C Model Recovery 'altera_reserved_tck'
Slack : 97.628
TNS   : 0.000

Type  : Fast 1200mV -40C Model Removal 'altera_reserved_tck'
Slack : 0.473
TNS   : 0.000

Type  : Fast 1200mV -40C Model Removal 'pll_clk'
Slack : 0.476
TNS   : 0.000

Type  : Fast 1200mV -40C Model Minimum Pulse Width 'refclk'
Slack : 9.424
TNS   : 0.000

Type  : Fast 1200mV -40C Model Minimum Pulse Width 'pll_clk'
Slack : 9.717
TNS   : 0.000

Type  : Fast 1200mV -40C Model Minimum Pulse Width 'pll_clk90'
Slack : 9.755
TNS   : 0.000

Type  : Fast 1200mV -40C Model Minimum Pulse Width 'rwds'
Slack : 10.000
TNS   : 0.000

Type  : Fast 1200mV -40C Model Minimum Pulse Width 'altera_reserved_tck'
Slack : 49.440
TNS   : 0.000

------------------------------------------------------------
