------------------------------------------------------------
Timing Analyzer Summary
------------------------------------------------------------

Type  : Slow 1200mV 100C Model Setup 'pll_clk90'
Slack : 0.023
TNS   : 0.000

Type  : Slow 1200mV 100C Model Setup 'pll_clk'
Slack : 0.729
TNS   : 0.000

Type  : Slow 1200mV 100C Model Setup 'rwds'
Slack : 3.177
TNS   : 0.000

Type  : Slow 1200mV 100C Model Setup 'altera_reserved_tck'
Slack : 42.928
TNS   : 0.000

Type  : Slow 1200mV 100C Model Hold 'pll_clk'
Slack : 0.350
TNS   : 0.000

Type  : Slow 1200mV 100C Model Hold 'altera_reserved_tck'
Slack : 0.416
TNS   : 0.000

Type  : Slow 1200mV 100C Model Hold 'rwds'
Slack : 4.235
TNS   : 0.000

Type  : Slow 1200mV 100C Model Hold 'pll_clk90'
Slack : 7.054
TNS   : 0.000

Type  : Slow 1200mV 100C Model Recovery 'altera_reserved_tck'
Slack : 95.091
TNS   : 0.000

Type  : Slow 1200mV 100C Model Removal 'altera_reserved_tck'
Slack : 1.026
TNS   : 0.000

Type  : Slow 1200mV 100C Model Minimum Pulse Width 'rwds'
Slack : 3.524
TNS   : 0.000

Type  : Slow 1200mV 100C Model Minimum Pulse Width 'pll_clk'
Slack : 3.671
TNS   : 0.000

Type  : Slow 1200mV 100C Model Minimum Pulse Width 'pll_clk90'
Slack : 3.813
TNS   : 0.000

Type  : Slow 1200mV 100C Model Minimum Pulse Width 'refclk'
Slack : 9.784
TNS   : 0.000

Type  : Slow 1200mV 100C Model Minimum Pulse Width 'altera_reserved_tck'
Slack : 49.535
TNS   : 0.000

Type  : Slow 1200mV -40C Model Setup 'pll_clk90'
Slack : 0.282
TNS   : 0.000

Type  : Slow 1200mV -40C Model Setup 'pll_clk'
Slack : 1.329
TNS   : 0.000

Type  : Slow 1200mV -40C Model Setup 'rwds'
Slack : 3.419
TNS   : 0.000

Type  : Slow 1200mV -40C Model Setup 'altera_reserved_tck'
Slack : 43.804
TNS   : 0.000

Type  : Slow 1200mV -40C Model Hold 'pll_clk'
Slack : 0.329
TNS   : 0.000

Type  : Slow 1200mV -40C Model Hold 'altera_reserved_tck'
Slack : 0.344
TNS   : 0.000

Type  : Slow 1200mV -40C Model Hold 'rwds'
Slack : 4.035
TNS   : 0.000

Type  : Slow 1200mV -40C Model Hold 'pll_clk90'
Slack : 6.957
TNS   : 0.000

Type  : Slow 1200mV -40C Model Recovery 'altera_reserved_tck'
Slack : 95.712
TNS   : 0.000

Type  : Slow 1200mV -40C Model Removal 'altera_reserved_tck'
Slack : 0.895
TNS   : 0.000

Type  : Slow 1200mV -40C Model Minimum Pulse Width 'rwds'
Slack : 3.379
TNS   : 0.000

Type  : Slow 1200mV -40C Model Minimum Pulse Width 'pll_clk'
Slack : 3.651
TNS   : 0.000

Type  : Slow 1200mV -40C Model Minimum Pulse Width 'pll_clk90'
Slack : 3.810
TNS   : 0.000

Type  : Slow 1200mV -40C Model Minimum Pulse Width 'refclk'
Slack : 9.785
TNS   : 0.000

Type  : Slow 1200mV -40C Model Minimum Pulse Width 'altera_reserved_tck'
Slack : 49.411
TNS   : 0.000

Type  : Fast 1200mV -40C Model Setup 'pll_clk90'
Slack : 1.064
TNS   : 0.000

Type  : Fast 1200mV -40C Model Setup 'pll_clk'
Slack : 2.111
TNS   : 0.000

Type  : Fast 1200mV -40C Model Setup 'rwds'
Slack : 3.465
TNS   : 0.000

Type  : Fast 1200mV -40C Model Setup 'altera_reserved_tck'
Slack : 46.782
TNS   : 0.000

Type  : Fast 1200mV -40C Model Hold 'pll_clk'
Slack : 0.135
TNS   : 0.000

Type  : Fast 1200mV -40C Model Hold 'altera_reserved_tck'
Slack : 0.179
TNS   : 0.000

Type  : Fast 1200mV -40C Model Hold 'rwds'
Slack : 4.250
TNS   : 0.000

Type  : Fast 1200mV -40C Model Hold 'pll_clk90'
Slack : 6.473
TNS   : 0.000

Type  : Fast 1200mV -40C Model Recovery 'altera_reserved_tck'
Slack : 97.623
TNS   : 0.000

Type  : Fast 1200mV -40C Model Removal 'altera_reserved_tck'
Slack : 0.480
TNS   : 0.000

Type  : Fast 1200mV -40C Model Minimum Pulse Width 'rwds'
Slack : 3.665
TNS   : 0.000

Type  : Fast 1200mV -40C Model Minimum Pulse Width 'pll_clk'
Slack : 3.715
TNS   : 0.000

Type  : Fast 1200mV -40C Model Minimum Pulse Width 'pll_clk90'
Slack : 3.812
TNS   : 0.000

Type  : Fast 1200mV -40C Model Minimum Pulse Width 'refclk'
Slack : 9.424
TNS   : 0.000

Type  : Fast 1200mV -40C Model Minimum Pulse Width 'altera_reserved_tck'
Slack : 49.438
TNS   : 0.000

------------------------------------------------------------
