------------------------------------------------------------
Timing Analyzer Summary
------------------------------------------------------------

Type  : Slow 1200mV 100C Model Setup 'pll_clk90'
Slack : 0.587
TNS   : 0.000

Type  : Slow 1200mV 100C Model Setup 'pll_clk'
Slack : 1.597
TNS   : 0.000

Type  : Slow 1200mV 100C Model Setup 'altera_reserved_tck'
Slack : 42.364
TNS   : 0.000

Type  : Slow 1200mV 100C Model Hold 'pll_clk'
Slack : 0.341
TNS   : 0.000

Type  : Slow 1200mV 100C Model Hold 'altera_reserved_tck'
Slack : 0.400
TNS   : 0.000

Type  : Slow 1200mV 100C Model Hold 'pll_clk90'
Slack : 8.497
TNS   : 0.000

Type  : Slow 1200mV 100C Model Recovery 'pll_clk'
Slack : 5.790
TNS   : 0.000

Type  : Slow 1200mV 100C Model Recovery 'altera_reserved_tck'
Slack : 94.209
TNS   : 0.000

Type  : Slow 1200mV 100C Model Removal 'pll_clk'
Slack : 1.041
TNS   : 0.000

Type  : Slow 1200mV 100C Model Removal 'altera_reserved_tck'
Slack : 1.154
TNS   : 0.000

Type  : Slow 1200mV 100C Model Minimum Pulse Width 'pll_clk'
Slack : 4.672
TNS   : 0.000

Type  : Slow 1200mV 100C Model Minimum Pulse Width 'pll_clk90'
Slack : 4.813
TNS   : 0.000

Type  : Slow 1200mV 100C Model Minimum Pulse Width 'rwds'
Slack : 5.000
TNS   : 0.000

Type  : Slow 1200mV 100C Model Minimum Pulse Width 'refclk'
Slack : 9.784
TNS   : 0.000

Type  : Slow 1200mV 100C Model Minimum Pulse Width 'altera_reserved_tck'
Slack : 49.533
TNS   : 0.000

Type  : Slow 1200mV -40C Model Setup 'pll_clk90'
Slack : 0.841
TNS   : 0.000

Type  : Slow 1200mV -40C Model Setup 'pll_clk'
Slack : 2.183
TNS   : 0.000

Type  : Slow 1200mV -40C Model Setup 'altera_reserved_tck'
Slack : 43.265
TNS   : 0.000

Type  : Slow 1200mV -40C Model Hold 'altera_reserved_tck'
Slack : 0.330
TNS   : 0.000

Type  : Slow 1200mV -40C Model Hold 'pll_clk'
Slack : 0.344
TNS   : 0.000

Type  : Slow 1200mV -40C Model Hold 'pll_clk90'
Slack : 8.408
TNS   : 0.000

Type  : Slow 1200mV -40C Model Recovery 'pll_clk'
Slack : 6.359
TNS   : 0.000

Type  : Slow 1200mV -40C Model Recovery 'altera_reserved_tck'
Slack : 94.924
TNS   : 0.000

Type  : Slow 1200mV -40C Model Removal 'pll_clk'
Slack : 0.924
TNS   : 0.000

Type  : Slow 1200mV -40C Model Removal 'altera_reserved_tck'
Slack : 1.018
TNS   : 0.000

Type  : Slow 1200mV -40C Model Minimum Pulse Width 'pll_clk'
Slack : 4.648
TNS   : 0.000

Type  : Slow 1200mV -40C Model Minimum Pulse Width 'pll_clk90'
Slack : 4.809
TNS   : 0.000

Type  : Slow 1200mV -40C Model Minimum Pulse Width 'rwds'
Slack : 5.000
TNS   : 0.000

Type  : Slow 1200mV -40C Model Minimum Pulse Width 'refclk'
Slack : 9.785
TNS   : 0.000

Type  : Slow 1200mV -40C Model Minimum Pulse Width 'altera_reserved_tck'
Slack : 49.410
TNS   : 0.000

Type  : Fast 1200mV -40C Model Setup 'pll_clk90'
Slack : 1.600
TNS   : 0.000

Type  : Fast 1200mV -40C Model Setup 'pll_clk'
Slack : 3.080
TNS   : 0.000

Type  : Fast 1200mV -40C Model Setup 'altera_reserved_tck'
Slack : 46.524
TNS   : 0.000

Type  : Fast 1200mV -40C Model Hold 'pll_clk'
Slack : 0.130
TNS   : 0.000

Type  : Fast 1200mV -40C Model Hold 'altera_reserved_tck'
Slack : 0.172
TNS   : 0.000

Type  : Fast 1200mV -40C Model Hold 'pll_clk90'
Slack : 7.943
TNS   : 0.000

Type  : Fast 1200mV -40C Model Recovery 'pll_clk'
Slack : 7.915
TNS   : 0.000

Type  : Fast 1200mV -40C Model Recovery 'altera_reserved_tck'
Slack : 97.194
TNS   : 0.000

Type  : Fast 1200mV -40C Model Removal 'pll_clk'
Slack : 0.474
TNS   : 0.000

Type  : Fast 1200mV -40C Model Removal 'altera_reserved_tck'
Slack : 0.528
TNS   : 0.000

Type  : Fast 1200mV -40C Model Minimum Pulse Width 'pll_clk'
Slack : 4.716
TNS   : 0.000

Type  : Fast 1200mV -40C Model Minimum Pulse Width 'pll_clk90'
Slack : 4.813
TNS   : 0.000

Type  : Fast 1200mV -40C Model Minimum Pulse Width 'rwds'
Slack : 5.000
TNS   : 0.000

Type  : Fast 1200mV -40C Model Minimum Pulse Width 'refclk'
Slack : 9.424
TNS   : 0.000

Type  : Fast 1200mV -40C Model Minimum Pulse Width 'altera_reserved_tck'
Slack : 49.438
TNS   : 0.000

------------------------------------------------------------
